// Jest Snapshot v1, https://goo.gl/fbAQLP

exports[`EventSummary matches snapshot 1`] = `
<DocumentFragment>
  <section
    class="summary"
  >
    <h1>
      Test Title
    </h1>
  </section>
</DocumentFragment>
`;
