// Jest Snapshot v1, https://goo.gl/fbAQLP

exports[`EventSearch matches snapshot 1`] = `
<div>
  <form
    class="form"
    name="filterEvents"
  >
    <div
      class="controls"
    >
      <div
        class="control"
      >
        <label
          for="year"
        >
          Year
        </label>
        <select
          data-testid="year"
          id="year"
        >
          <option
            value="2021"
          >
            2021
          </option>
          <option
            value="2022"
          >
            2022
          </option>
        </select>
      </div>
      <div
        class="control"
      >
        <label
          for="month"
        >
          Month
        </label>
        <select
          data-testid="month"
          id="month"
        >
          <option
            value="1"
          >
            January
          </option>
          <option
            value="2"
          >
            February
          </option>
          <option
            value="3"
          >
            March
          </option>
          <option
            value="4"
          >
            April
          </option>
          <option
            value="5"
          >
            May
          </option>
          <option
            value="6"
          >
            June
          </option>
          <option
            value="7"
          >
            July
          </option>
          <option
            value="8"
          >
            August
          </option>
          <option
            value="9"
          >
            September
          </option>
          <option
            value="10"
          >
            October
          </option>
          <option
            value="11"
          >
            November
          </option>
          <option
            value="12"
          >
            December
          </option>
        </select>
      </div>
    </div>
    <button
      class="btn"
    >
      Find Events
    </button>
  </form>
</div>
`;
