// Jest Snapshot v1, https://goo.gl/fbAQLP

exports[`Render and check props If button has link and children props 1`] = `
<DocumentFragment>
  <section
    class="title"
  >
    <h1>
      Events in January 2022
    </h1>
    <a
      class="btn"
      href="/events"
    >
      Show all events
    </a>
  </section>
</DocumentFragment>
`;
